// Jest Snapshot v1, https://goo.gl/fbAQLP

exports[`Time Form tests should render correctly 1`] = `
<div>
  <div
    class="my-4 border-4 rounded border-sf-light-grey p-4 font-gotham text-sf-dark-grey"
  >
    <p
      class="font-gotham mb-3"
    >
      <img
        class="inline h-6 mr-2"
        src="/images/icon-hour.png"
      />
      Horário
    </p>
    <p
      class="border-b-2 text-lg mb-3"
    >
      Qual período quer treinar?
    </p>
    <form>
      <table
        class="table-auto w-full"
      >
        <tbody>
          <tr
            class="border-b"
          >
            <td>
              <input
                class="mr-2 my-3"
                id="manha"
                name="period"
                type="radio"
                value="manha"
              />
              <label
                for="manha"
              >
                Manhã
              </label>
            </td>
            <td
              class="text-right"
            >
              06:00 às 12:00
            </td>
          </tr>
          <tr
            class="border-b"
          >
            <td>
              <input
                class="mr-2 my-3"
                id="tarde"
                name="period"
                type="radio"
                value="tarde"
              />
              <label
                for="tarde"
              >
                Tarde
              </label>
            </td>
            <td
              class="text-right"
            >
              12:01 às 18:00
            </td>
          </tr>
          <tr
            class="border-b"
          >
            <td>
              <input
                class="mr-2 my-3"
                id="noite"
                name="period"
                type="radio"
                value="noite"
              />
              <label
                for="noite"
              >
                Noite
              </label>
            </td>
            <td
              class="text-right"
            >
              18:01 às 23:00
            </td>
          </tr>
        </tbody>
      </table>
      <input
        class="w-full border-2 rounded my-2 p-4 outline-none focus:border-sf-yellow transition duration-300"
        hidden=""
        name="address"
        placeholder="Insira aqui um endereço..."
      />
      <div
        class="flex flex-col sm:flex-row justify-between mt-6"
      >
        <span>
          <input
            class="mr-2 mt-3"
            id="showClosed"
            name="showClosed"
            type="checkbox"
          />
          <label
            for="showClosed"
          >
            Exibir unidades fechadas
          </label>
        </span>
        <p>
          Resultados encontrados: 
          <b>
            0
          </b>
        </p>
      </div>
      <div
        class="flex justify-evenly"
      >
        <button
          class="w-64 border-2 border-sf-yellow bg-sf-yellow text-black font-gotham font-bold py-2 px-4 rounded mt-4"
        >
          ENCONTRAR UNIDADE
        </button>
        <input
          class="w-64 border-2 border-sf-light-grey text-black font-gotham font-bold py-2 px-4 rounded mt-4 cursor-pointer"
          type="reset"
          value="LIMPAR"
        />
      </div>
    </form>
  </div>
</div>
`;
